Warning: You are sending unauthenticated requests to the HF Hub. Please set a HF_TOKEN to enable higher rate limits and faster downloads.
[transformers] `torch_dtype` is deprecated! Use `dtype` instead!
[reset] deleted 3 file(s) for transcript.db
[init] loading CrisperWhisper medium (verbatim, Apple GPU) — first run downloads the model, then warms up...
Loading weights:   0%|          | 0/947 [00:00<?, ?it/s]Loading weights:  74%|███████▍  | 705/947 [00:00<00:00, 7027.92it/s]Loading weights: 100%|██████████| 947/947 [00:00<00:00, 6967.33it/s]
[transformers] [1mWhisperForConditionalGeneration LOAD REPORT[0m from: nyralabs/CrisperWhisper2.0_medium
Key                       | Status     |  | 
--------------------------+------------+--+-
encoder_blank_head.bias   | UNEXPECTED |  | 
encoder_blank_head.weight | UNEXPECTED |  | 

Notes:
- UNEXPECTED:	can be ignored when loading from different task/architecture; not ok if you expect identical arch.
[transformers] The following generation flags are not valid and may be ignored: ['output_attentions']. Set `TRANSFORMERS_VERBOSITY=info` for more details.
[transformers] Passing `generation_config` together with generation-related arguments=({'output_attentions'}) is deprecated and will be removed in future versions. Please pass either a `generation_config` object OR all generation parameters explicitly, but not both.
[transformers] Both `max_new_tokens` (=256) and `max_length`(=448) seem to have been set. `max_new_tokens` will take precedence. Please refer to the documentation for more information. (https://huggingface.co/docs/transformers/main/en/main_classes/text_generation)
[transformers] A custom logits processor of type <class 'transformers.generation.logits_process.SuppressTokensLogitsProcessor'> has been passed to `.generate()`, but it was also created in `.generate()`, given its parameterization. The custom <class 'transformers.generation.logits_process.SuppressTokensLogitsProcessor'> will take precedence. Please check the docstring of <class 'transformers.generation.logits_process.SuppressTokensLogitsProcessor'> to see related `.generate()` flags.
[transformers] Ignoring clean_up_tokenization_spaces=True for BPE tokenizer WhisperTokenizer. The clean_up_tokenization post-processing step is designed for WordPiece tokenizers and is destructive for BPE (it strips spaces before punctuation). Set clean_up_tokenization_spaces=False to suppress this warning, or set clean_up_tokenization_spaces_for_bpe_even_though_it_will_corrupt_output=True to force cleanup anyway.
[init] loading Sortformer (first run downloads ~230 MB)...
Fetching 2 files:   0%|          | 0/2 [00:00<?, ?it/s]Fetching 2 files: 100%|██████████| 2/2 [00:00<00:00, 1869.54it/s]
[transformers] Both `max_new_tokens` (=256) and `max_length`(=448) seem to have been set. `max_new_tokens` will take precedence. Please refer to the documentation for more information. (https://huggingface.co/docs/transformers/main/en/main_classes/text_generation)
[init] session f7c6a0144113 -> /Users/dagartyi/intermeow/diarization/transcript.db

[   0.0s] Interviewer  Thanks for joining today. Could you start by telling me a little about your background?
           [2mspk=0  lag=+4.1s[0m
[transformers] Both `max_new_tokens` (=256) and `max_length`(=448) seem to have been set. `max_new_tokens` will take precedence. Please refer to the documentation for more information. (https://huggingface.co/docs/transformers/main/en/main_classes/text_generation)
[   6.3s] Candidate    Sure, I have been working as a product designer for about six years, mostly on data-heavy interfaces.
           [2mspk=1  lag=+4.4s[0m
[transformers] Both `max_new_tokens` (=256) and `max_length`(=448) seem to have been set. `max_new_tokens` will take precedence. Please refer to the documentation for more information. (https://huggingface.co/docs/transformers/main/en/main_classes/text_generation)
/Users/dagartyi/.local/share/uv/python/cpython-3.12.12-macos-aarch64-none/lib/python3.12/multiprocessing/resource_tracker.py:279: UserWarning: resource_tracker: There appear to be 1 leaked semaphore objects to clean up at shutdown
  warnings.warn('resource_tracker: There appear to be %d '
